shelf    1 Library    2 Devices    3 Sync                                              no device
  4 books · 4 authors · 1 series · 24.8 MB
 ──────────────────────────────────────────────────────────────────────────────────────────────────
 / to filter                                                        ╭─────────────────────────────╮
    TITLE                    AUTHOR          SERIES            SIZE │ The Exceedingly Long Title  │
 ────────────────────────────────────────────────────────────────── │ That Will Certainly Need    │
 ·✓ A Wizard of Earthsea     Ursula K. Le G… Earthsea #1     1.3 KB │ Truncating Somewhere        │
 ·✓ Moby-Dick                Herman Melville                23.7 MB │ Verbose, A.                 │
 ·  The Exceedingly Long Ti… Verbose, A.                     4.0 KB │                             │
 ·  海辺のカフカ             村上 春樹                       1.1 MB │ FORMAT  EPUB                │
                                                                    │ SIZE    4.0 KB              │
                                                                    │ ADDED   2024-01-15          │
                                                                    │                             │
                                                                    │ /lib/long.epub              │
                                                                    │                             │
                                                                    │                             │
                                                                    │                             │
                                                                    │                             │
                                                                    │                             │
                                                                    ╰─────────────────────────────╯
 2 selected — s to sync them, A to clear

 k/↑ up • j/↓ down • / filter • space toggle selection • i toggle details • s sync selection • ? help • q quit
